117037 Mathematics: modern + historic facts read in 179 ms (in parallel); historic facts rows 336
  GCE A level
    2021/22  *:20 A:12 B:6 C:5 D:0 E:2  | A*-E 100.0% | scale A*,*,A...
    2022/23  *:14 A:18 B:13 C:6 D:4 E:1  | A*-E 100.0% | scale A*,*,A...
    2023/24  *:22 A:12 B:15 C:3 D:4 E:0  | A*-E 100.0% | scale A*,*,A...
    2024/25  A*:8 A:6 B:10 C:6 D:5 E:0  | A*-E 100.0% | scale A*,*,A...
  GCE AS level
    2021/22  A:0 B:0 C:0 D:0 E:0 COVID result:3  | A*-E no figure | scale A*,*,A...
117037 Physics: modern + historic facts read in 124 ms (in parallel); historic facts rows 336
  GCE A level
    2021/22  *:9 A:8 B:8 C:2 D:1 E:1  | A*-E 100.0% | scale A*,*,A...
    2022/23  *:6 A:7 B:4 C:2 D:3 E:2  | A*-E 100.0% | scale A*,*,A...
    2023/24  *:6 A:16 B:6 C:6 D:4 E:0  | A*-E 100.0% | scale A*,*,A...
    2024/25  A*:4 A:6 B:2 C:3 D:3 E:1  | A*-E 100.0% | scale A*,*,A...
130432 Business Studies: modern + historic facts read in 216 ms (in parallel); historic facts rows 1154
  BTEC Level 3 National Certificate (Band D)
    2021/22  COVID result:55  | A*-E no figure | scale ...
    2022/23  *:0 D:0 COVID result:10 M:5 P:17 Fail:17  | A*-E no figure | scale A*,*,A...
    2023/24  Distinction*:0 Distinction:0 Merit:9 Pass:10 Fail:7  | A*-E no figure | scale Distinction*,Distinction,High merit...
    2024/25  Distinction*:0 Distinction:0 Merit:4 Pass:0 Fail:2  | A*-E no figure | scale Distinction*,Distinction,High merit...
  BTEC National Diploma L3 - Band J - PP-D*D*
    2021/22  **:2 *D:3 DD:7 DM:7 MM:6 MP:2 PP:0 Fail:1  | A*-E no figure | scale ...
    2022/23  **:0 *D:1 DD:0 DM:2 MM:11 MP:5 PP:6 Fail:3  | A*-E no figure | scale ...
    2023/24  Distinction*-Distinction*:0 Distinction*-Distinction:2 Distinction-Distinction:0 Distinction-Merit:9 Merit-Merit:7 Merit-Pass:5 Pass-Pass:0  | A*-E no figure | scale Distinction*-Distinction*,Distinction*-Distinction,Distinction-Distinction...
    2024/25  Distinction*-Distinction*:0 Distinction*-Distinction:1 Distinction-Distinction:5 Distinction-Merit:7 Merit-Merit:7 Merit-Pass:6 Pass-Pass:3  | A*-E no figure | scale Distinction*-Distinction*,Distinction*-Distinction,Distinction-Distinction...
  BTEC National Extended Certificate L3 - Band F - P-D*
    2021/22  *:2 D:9 COVID result:44 M:31 P:9  | A*-E no figure | scale A*,*,A...
    2022/23  *:1 D:2 COVID result:12 M:13 P:30 Fail:25  | A*-E no figure | scale A*,*,A...
    2023/24  Distinction*:0 Distinction:7 Merit:22 Pass:25 Fail:3  | A*-E no figure | scale Distinction*,Distinction,High merit...
    2024/25  Distinction*:0 Distinction:5 Merit:35 Pass:25  | A*-E no figure | scale Distinction*,Distinction,High merit...
  BTEC National Extended Diploma L3 - Band N - PPP-D*D*D*
    2021/22  ***:0 **D:2 *DD:3 DDD:3 DDM:5 DMM:4 MMM:0 MMP:4 MPP:1 PPP:0  | A*-E no figure | scale ...
    2022/23  ***:0 **D:1 *DD:4 DDD:2 DDM:0 DMM:0 MMM:1 MMP:2 MPP:1 PPP:0  | A*-E no figure | scale ...
    2023/24  Distinction*-Distinction*-Distinction*:0 Distinction*-Distinction*-Distinction:1 Distinction*-Distinction-Distinction:2 Distinction-Distinction-Distinction:4 Distinction-Distinction-Merit:1 Distinction-Merit-Merit:8 Merit-Merit-Merit:4 Merit-Merit-Pass:4 Merit-Pass-Pass:3 Pass-Pass-Pass:4  | A*-E no figure | scale Distinction*-Distinction*-Distinction*,Distinction*-Distinction*-Distinction,Distinction*-Distinction-Distinction...
    2024/25  Distinction*-Distinction*-Distinction*:0 Distinction*-Distinction*-Distinction:2 Distinction*-Distinction-Distinction:3 Distinction-Distinction-Distinction:3 Distinction-Distinction-Merit:6 Distinction-Merit-Merit:3 Merit-Merit-Merit:3 Merit-Merit-Pass:2 Merit-Pass-Pass:1 Pass-Pass-Pass:5 Fail:1  | A*-E no figure | scale Distinction*-Distinction*-Distinction*,Distinction*-Distinction*-Distinction,Distinction*-Distinction-Distinction...
  BTEC National Foundation Diploma L3 - Band H - P-D*
    2021/22  COVID result:28  | A*-E no figure | scale ...
    2022/23  *:1 D:6 COVID result:2 M:2 P:5 Fail:3  | A*-E no figure | scale A*,*,A...
    2023/24  Distinction*:1 Distinction:6 Merit:18 Pass:14 Fail:5  | A*-E no figure | scale Distinction*,Distinction,High merit...
    2024/25  Distinction*:0 Distinction:8 Merit:14 Pass:9 Fail:2  | A*-E no figure | scale Distinction*,Distinction,High merit...
  GCE A level
    2024/25  A*:0 A:0 B:4 C:9 D:6 E:3  | A*-E 100.0% | scale A*,*,A...
  GCE AS level
    2024/25  A:0 B:0 C:0 D:1 E:0 Fail:7  | A*-E 12.5% | scale A*,*,A...
137625 Psychology: modern + historic facts read in 152 ms (in parallel); historic facts rows 363
  GCE A level
    2021/22  *:6 A:9 B:14 C:4 D:1 E:0  | A*-E 100.0% | scale A*,*,A...
    2022/23  *:6 A:11 B:17 C:7 D:0 E:1  | A*-E 100.0% | scale A*,*,A...
    2023/24  *:2 A:7 B:11 C:11 D:3 E:0  | A*-E 100.0% | scale A*,*,A...
    2024/25  A*:1 A:5 B:7 C:5 D:3 E:2  | A*-E 100.0% | scale A*,*,A...
  GCE AS level
    2021/22  A:0 B:0 C:0 D:0 E:0 COVID result:1  | A*-E no figure | scale A*,*,A...
