pairs 1356  EXP-COUNTS 210  EXP-KNOCKON 4  EXP-MAP 198  EXP-POST16 71  EXP-TABLE 298  IDENTICAL 571  NOISE 4  only-main 160  only-branch 60
   ('bands', 'c1.current', 'IDENTICAL') 40
   ('bands', 'c1.trends', 'EXP-MAP') 10
   ('bands', 'c1.trends', 'EXP-TABLE') 4
   ('bands', 'c1.trends', 'IDENTICAL') 36
   ('bands', 'c2.current', 'IDENTICAL') 34
   ('bands', 'c2.trends', 'EXP-TABLE') 20
   ('bands', 'c2.trends', 'IDENTICAL') 20
   ('bands', 'c3.current', 'EXP-MAP') 10
   ('bands', 'c3.current', 'IDENTICAL') 20
   ('bands', 'c3.trends', 'EXP-MAP') 20
   ('bands', 'c3.trends', 'EXP-TABLE') 18
   ('bands', 'c3.trends', 'IDENTICAL') 22
   ('cand', 'c1.current', 'IDENTICAL') 10
   ('cand', 'c1.trends', 'EXP-TABLE') 20
   ('cand', 'c1.trends', 'IDENTICAL') 30
   ('cand', 'c2.current', 'IDENTICAL') 40
   ('cand', 'c2.trends', 'EXP-TABLE') 20
   ('cand', 'c2.trends', 'IDENTICAL') 30
   ('cand', 'c3.current', 'EXP-MAP') 10
   ('cand', 'c3.current', 'IDENTICAL') 20
   ('cand', 'c3.trends', 'EXP-MAP') 20
   ('cand', 'c3.trends', 'EXP-TABLE') 20
   ('cand', 'c3.trends', 'IDENTICAL') 20
   ('counts0', 'c1.current', 'EXP-COUNTS') 10
   ('counts0', 'c1.trends', 'EXP-POST16') 2
   ('counts0', 'c1.trends', 'EXP-TABLE') 10
   ('counts0', 'c1.trends', 'IDENTICAL') 6
   ('counts0', 'c1.trends', 'NOISE') 2
   ('counts1', 'c1.current', 'EXP-COUNTS') 10
   ('counts1', 'c1.trends', 'EXP-KNOCKON') 2
   ('counts1', 'c1.trends', 'EXP-POST16') 2
   ('counts1', 'c1.trends', 'EXP-TABLE') 9
   ('counts1', 'c1.trends', 'IDENTICAL') 6
   ('counts1', 'c1.trends', 'NOISE') 1
   ('counts1', 'c2.current', 'EXP-COUNTS') 30
   ('counts1', 'c2.trends', 'EXP-COUNTS') 20
   ('counts1', 'c2.trends', 'EXP-TABLE') 20
   ('counts1', 'c3.current', 'EXP-COUNTS') 20
   ('counts1', 'c3.current', 'EXP-MAP') 10
   ('counts1', 'c3.trends', 'EXP-COUNTS') 20
   ('counts1', 'c3.trends', 'EXP-MAP') 20
   ('counts1', 'c3.trends', 'EXP-TABLE') 20
   ('counts2', 'c1.current', 'EXP-COUNTS') 10
   ('counts2', 'c1.trends', 'EXP-KNOCKON') 2
   ('counts2', 'c1.trends', 'EXP-POST16') 3
   ('counts2', 'c1.trends', 'EXP-TABLE') 9
   ('counts2', 'c1.trends', 'IDENTICAL') 5
   ('counts2', 'c1.trends', 'NOISE') 1
   ('counts2', 'c2.current', 'EXP-COUNTS') 30
   ('counts2', 'c2.trends', 'EXP-COUNTS') 20
   ('counts2', 'c2.trends', 'EXP-TABLE') 20
   ('counts2', 'c3.current', 'EXP-COUNTS') 20
   ('counts2', 'c3.current', 'EXP-MAP') 10
   ('counts2', 'c3.trends', 'EXP-COUNTS') 20
   ('counts2', 'c3.trends', 'EXP-MAP') 20
   ('counts2', 'c3.trends', 'EXP-TABLE') 20
   ('points', 'c1.current', 'IDENTICAL') 30
   ('points', 'c1.trends', 'EXP-MAP') 10
   ('points', 'c1.trends', 'EXP-TABLE') 20
   ('points', 'c1.trends', 'IDENTICAL') 20
   ('points', 'c2.current', 'IDENTICAL') 30
   ('points', 'c2.trends', 'EXP-TABLE') 20
   ('points', 'c2.trends', 'IDENTICAL') 20
   ('points', 'c3.current', 'EXP-MAP') 10
   ('points', 'c3.current', 'IDENTICAL') 20
   ('points', 'c3.trends', 'EXP-MAP') 20
   ('points', 'c3.trends', 'EXP-TABLE') 20
   ('points', 'c3.trends', 'IDENTICAL') 20
   ('threshold', 'c1.current', 'EXP-POST16') 12
   ('threshold', 'c1.current', 'IDENTICAL') 18
   ('threshold', 'c1.trends', 'EXP-MAP') 10
   ('threshold', 'c1.trends', 'EXP-POST16') 16
   ('threshold', 'c1.trends', 'EXP-TABLE') 6
   ('threshold', 'c1.trends', 'IDENTICAL') 18
   ('threshold', 'c2.current', 'EXP-POST16') 12
   ('threshold', 'c2.current', 'IDENTICAL') 18
   ('threshold', 'c2.trends', 'EXP-POST16') 16
   ('threshold', 'c2.trends', 'EXP-TABLE') 12
   ('threshold', 'c2.trends', 'IDENTICAL') 12
   ('threshold', 'c3.current', 'EXP-MAP') 6
   ('threshold', 'c3.current', 'EXP-POST16') 4
   ('threshold', 'c3.current', 'IDENTICAL') 12
   ('threshold', 'c3.trends', 'EXP-MAP') 12
   ('threshold', 'c3.trends', 'EXP-POST16') 4
   ('threshold', 'c3.trends', 'EXP-TABLE') 10
   ('threshold', 'c3.trends', 'IDENTICAL') 14
UNEXPECTED:
only-main: ['137625-ks4-counts0-dark-1280__c2.trends__Trend table', '130432-ks5-counts0-light-390__tab1__c2.current__Bar chart', '137625-ks4-counts0-dark-1280__c3.trends__Chart', '117037-ks5-counts0-light-390__tab1__c2.current__Bar chart', '118952-ks5-counts0-light-390__tab2__c3.trends__Trend table', '118952-ks5-counts0-dark-1280__c3.trends__Change table', '118952-ks5-counts0-light-390__tab1__c2.trends__Trend table', '100053-ks4-counts0-dark-1280__c2.current__Sortable table', '137625-ks4-counts0-dark-1280__c2.current__Bar chart', '130432-ks5-counts0-dark-1280__c3.trends__Change map', '137625-ks4-counts0-light-390__tab1__c2.current__Bar chart', '137625-ks4-counts0-light-390__tab1__c2.trends__Change table', '137625-ks4-counts0-light-390__tab2__c3.trends__Ranked bars', '100053-ks4-counts0-light-390__tab1__c2.trends__Ranked change', '100053-ks4-counts0-light-390__tab2__c3.trends__Trend map', '130432-ks5-counts0-light-390__tab2__c3.trends__Trend table', '130432-ks5-counts0-light-390__tab1__c2.trends__Trend table', '118952-ks5-counts0-light-390__tab2__c3.current__Bar chart', '118952-ks5-counts0-dark-1280__c3.current__Ranking', '130432-ks5-counts0-light-390__tab1__c2.trends__Chart', '118952-ks5-counts0-light-390__tab2__c3.current__Map', '130432-ks5-counts0-light-390__tab2__c3.trends__Chart', '100053-ks4-counts0-light-390__tab2__c3.trends__Ranked bars', '100053-ks4-counts0-light-390__tab1__c2.trends__Change table', '137625-ks4-counts0-light-390__tab2__c3.trends__Trend map', '137625-ks4-counts0-light-390__tab1__c2.trends__Ranked change', '130432-ks5-counts0-dark-1280__c3.trends__Change table', '137625-ks4-counts0-light-390__tab1__c2.current__Ranked list', '137625-ks4-counts0-dark-1280__c2.current__Ranked list', '117037-ks5-counts0-dark-1280__c2.current__Sortable table', '118952-ks5-counts0-light-390__tab1__c2.trends__Chart', '130432-ks5-counts0-dark-1280__c2.current__Sortable table', '118952-ks5-counts0-light-390__tab2__c3.trends__Chart', '118952-ks5-counts0-dark-1280__c3.trends__Change map', '117037-ks5-counts0-light-390__tab1__c2.current__Ranked list', '100053-ks4-counts0-light-390__tab1__c2.current__Sortable table', '137625-ks4-counts0-dark-1280__c3.trends__Trend table', '130432-ks5-counts0-light-390__tab1__c2.current__Ranked list', '137625-ks4-counts0-dark-1280__c2.trends__Chart', '130432-ks5-counts0-dark-1280__c3.trends__Ranked bars']
only-branch: ['130432-ks5-counts0-light-390__tab1__c2.current__only', '137625-ks4-counts0-dark-1280__c3.trends__only', '117037-ks5-counts0-light-390__tab1__c2.current__only', '137625-ks4-counts0-dark-1280__c2.current__only', '137625-ks4-counts0-light-390__tab1__c2.current__only', '130432-ks5-counts0-light-390__tab1__c2.trends__only', '118952-ks5-counts0-light-390__tab2__c3.current__only', '130432-ks5-counts0-light-390__tab2__c3.trends__only', '118952-ks5-counts2-dark-1280__c2.current__Share (donut)', '118952-ks5-counts0-light-390__tab1__c2.trends__only', '118952-ks5-counts0-light-390__tab2__c3.trends__only', '137625-ks4-counts0-dark-1280__c2.trends__only', '117037-ks5-counts2-dark-1280__c2.current__Share (donut)', '100053-ks4-counts0-dark-1280__c3.trends__only', '130432-ks5-counts2-dark-1280__c2.current__Share (donut)', '137625-ks4-counts1-dark-1280__c2.current__Share (donut)', '117037-ks5-counts0-dark-1280__c2.trends__only', '100053-ks4-counts2-light-390__tab1__c2.current__Share (donut)', '118952-ks5-counts0-light-390__tab1__c2.current__only', '137625-ks4-counts0-dark-1280__c3.current__only', '137625-ks4-counts0-light-390__tab2__c3.current__only', '117037-ks5-counts0-dark-1280__c3.trends__only', '100053-ks4-counts0-dark-1280__c2.trends__only', '117037-ks5-counts0-light-390__tab2__c3.trends__only', '117037-ks5-counts0-light-390__tab1__c2.trends__only', '100053-ks4-counts2-dark-1280__c2.current__Share (donut)', '130432-ks5-counts0-light-390__tab2__c3.current__only', '100053-ks4-counts1-light-390__tab1__c2.current__Share (donut)', '117037-ks5-counts0-light-390__tab2__c3.current__only', '118952-ks5-counts0-dark-1280__c2.current__only', '130432-ks5-counts0-dark-1280__c2.trends__only', '117037-ks5-counts1-light-390__tab1__c2.current__Share (donut)', '100053-ks4-counts0-light-390__tab2__c3.current__only', '130432-ks5-counts1-light-390__tab1__c2.current__Share (donut)', '130432-ks5-counts0-dark-1280__c3.current__only', '118952-ks5-counts0-dark-1280__c3.trends__only', '117037-ks5-counts0-dark-1280__c3.current__only', '100053-ks4-counts1-dark-1280__c2.current__Share (donut)', '137625-ks4-counts1-light-390__tab1__c2.current__Share (donut)', '118952-ks5-counts0-dark-1280__c2.trends__only']
branch errors/failed: []
main errors/failed: ['118952-ks5-threshold-dark-1280__errors.txt', '130432-ks5-threshold-dark-1280__errors.txt']
tables: {'same words': 212, 'figures differ (counts / Post-16 grade state)': 86}
